Parse error at 3:3:
  Unexpected token: b
  Expected one of the following tokens instead: '}',','
