Parse error at 1:6-18:
  Unexpected token: "Declaration"
  Expected one of the following tokens instead: <identifier>
