Parse error at 1:36:
  Unexpected token: =
  Expected one of the following tokens instead: <identifier>
